<?xml version="1.0" encoding="UTF-8"?>
<TestRun id="56641321-e700-456f-a9bb-5fb359940ac2" name="Vipin.Rane@EZESTL-462 2015-01-21 11:51:24" runUser="EZEST\Vipin.Rane" xmlns="http://microsoft.com/schemas/VisualStudio/TeamTest/2006">
  <TestRunConfiguration name="Local Test Run" id="40fb606d-1489-4529-a6cd-7c659ccbe1f6">
    <Description>This is a default test run configuration for a local test run.</Description>
    <Deployment userDeploymentRoot="E:\Exercise\TestProjects\TestResults" useDefaultDeploymentRoot="false" runDeploymentRoot="E:\Exercise\TestProjects\TestResults\Vipin.Rane_EZESTL-462 2015-01-21 11_51_24" />
    <TestTypeSpecific />
  </TestRunConfiguration>
  <ResultSummary outcome="Failed">
    <Counters total="2" executed="2" passed="1" error="0" failed="1" timeout="0" aborted="0" inconclusive="0" passedButRunAborted="0" notRunnable="0" notExecuted="0" disconnected="0" warning="0" completed="0" inProgress="0" pending="0" />
  </ResultSummary>
  <Times creation="2015-01-21T11:51:24.2360952+05:30" queuing="2015-01-21T11:51:24.4060969+05:30" start="2015-01-21T11:51:24.4260971+05:30" finish="2015-01-21T11:51:24.6460993+05:30" />
  <TestDefinitions>
    <UnitTest name="TestMethod1" storage="e:\exercise\testprojects\testproject1\bin\debug\testproject1.dll" id="59863143-3238-122e-4d8a-637b491cc755">
      <Css projectStructure="" iteration="" />
      <Owners>
        <Owner name="" />
      </Owners>
      <Execution id="8820e451-01ee-415a-aab5-2d2a824023b7" />
      <TestMethod codeBase="E:\Exercise\TestProjects\TestProject1\bin\Debug\TestProject1.dll" adapterTypeName="Microsoft.VisualStudio.TestTools.TestTypes.Unit.UnitTestAdapter, Microsoft.VisualStudio.QualityTools.Tips.UnitTest.Adapter, Version=9.0.0.0, Culture=neutral, PublicKeyToken=b03f5f7f11d50a3a" className="TestProject1.UnitTest1, TestProject1" name="TestMethod1" />
    </UnitTest>
    <UnitTest name="TestMethod1" storage="e:\exercise\testprojects\testproject2\bin\debug\testproject2.dll" id="b96f2172-51f7-3767-573a-01ebaf3120be">
      <Css projectStructure="" iteration="" />
      <Owners>
        <Owner name="" />
      </Owners>
      <Execution id="9b54be63-8b31-4ac5-9844-6d31a97e5509" />
      <TestMethod codeBase="E:\Exercise\TestProjects\TestProject2\bin\Debug\TestProject2.dll" adapterTypeName="Microsoft.VisualStudio.TestTools.TestTypes.Unit.UnitTestAdapter, Microsoft.VisualStudio.QualityTools.Tips.UnitTest.Adapter, Version=9.0.0.0, Culture=neutral, PublicKeyToken=b03f5f7f11d50a3a" className="TestProject2.UnitTest1, TestProject2" name="TestMethod1" />
    </UnitTest>
  </TestDefinitions>
  <TestLists>
    <TestList name="Results Not in a List" id="8c84fa94-04c1-424b-9868-57a2d4851a1d" />
    <TestList name="All Loaded Results" id="19431567-8539-422a-85d7-44ee4e166bda" />
  </TestLists>
  <TestEntries>
    <TestEntry testId="59863143-3238-122e-4d8a-637b491cc755" executionId="8820e451-01ee-415a-aab5-2d2a824023b7" testListId="8c84fa94-04c1-424b-9868-57a2d4851a1d" />
    <TestEntry testId="b96f2172-51f7-3767-573a-01ebaf3120be" executionId="9b54be63-8b31-4ac5-9844-6d31a97e5509" testListId="8c84fa94-04c1-424b-9868-57a2d4851a1d" />
  </TestEntries>
  <Results>
    <UnitTestResult executionId="8820e451-01ee-415a-aab5-2d2a824023b7" testId="59863143-3238-122e-4d8a-637b491cc755" testName="TestMethod1" computerName="EZESTL-462" duration="00:00:00.0917523" startTime="2015-01-21T11:51:24.4560974+05:30" endTime="2015-01-21T11:51:24.5960988+05:30" testType="13cdc9d9-ddb5-4fa4-a97d-d965ccfc6d4b" outcome="Failed" testListId="8c84fa94-04c1-424b-9868-57a2d4851a1d">
      <Output>
        <ErrorInfo>
          <Message>Assert.Fail failed. </Message>
          <StackTrace>   at TestProject1.UnitTest1.TestMethod1() in E:\Exercise\TestProjects\TestProject1\UnitTest1.cs:line 69
</StackTrace>
        </ErrorInfo>
      </Output>
    </UnitTestResult>
    <UnitTestResult executionId="9b54be63-8b31-4ac5-9844-6d31a97e5509" testId="b96f2172-51f7-3767-573a-01ebaf3120be" testName="TestMethod1" computerName="EZESTL-462" duration="00:00:00.0002936" startTime="2015-01-21T11:51:24.5960988+05:30" endTime="2015-01-21T11:51:24.6360992+05:30" testType="13cdc9d9-ddb5-4fa4-a97d-d965ccfc6d4b" outcome="Passed" testListId="8c84fa94-04c1-424b-9868-57a2d4851a1d">
      <Output>
      </Output>
    </UnitTestResult>
  </Results>
</TestRun>